// Jest Snapshot v1, https://goo.gl/fbAQLP

exports[`<Loading /> should render correctly 1`] = `"<div class=\\"loader\\"><span>Loading...</span></div>"`;
